This is pdfTeX, Version 3.141592653-2.6-1.40.27 (TeX Live 2025/nixos.org) (preloaded format=pdflatex 1980.1.1)  26 AUG 2026 02:07
entering extended mode
 restricted \write18 enabled.
 %&-line parsing enabled.
**main.tex
(./main.tex
LaTeX2e <2025-11-01>
L3 programming layer <2026-01-19>

(/nix/store/lya52wcq71pbx3xq8ybnix0kaqhcdxl2-texlive-combined-2025-texmfdist/te
x/latex/base/report.cls
Document Class: report 2025/01/22 v1.4n Standard LaTeX document class

(/nix/store/lya52wcq71pbx3xq8ybnix0kaqhcdxl2-texlive-combined-2025-texmfdist/te
x/latex/base/size11.clo
File: size11.clo 2025/01/22 v1.4n Standard LaTeX file (size option)
)
\c@part=\count275
\c@chapter=\count276
\c@section=\count277
\c@subsection=\count278
\c@subsubsection=\count279
\c@paragraph=\count280
\c@subparagraph=\count281
\c@figure=\count282
\c@table=\count283
\abovecaptionskip=\skip49
\belowcaptionskip=\skip50
\bibindent=\dimen148
) (./preamble.tex
(/nix/store/lya52wcq71pbx3xq8ybnix0kaqhcdxl2-texlive-combined-2025-texmfdist/te
x/latex/base/inputenc.sty
Package: inputenc 2024/02/08 v1.3d Input encoding file
\inpenc@prehook=\toks17
\inpenc@posthook=\toks18
)
(/nix/store/lya52wcq71pbx3xq8ybnix0kaqhcdxl2-texlive-combined-2025-texmfdist/te
x/latex/base/fontenc.sty
Package: fontenc 2025/07/18 v2.1d Standard LaTeX package
)
(/nix/store/lya52wcq71pbx3xq8ybnix0kaqhcdxl2-texlive-combined-2025-texmfdist/te
x/generic/babel/babel.sty
Package: babel 2026/02/14 v26.3 The multilingual framework for LuaLaTeX, pdfLaT
eX and XeLaTeX
\babel@savecnt=\count284
LaTeX Encoding Info:    Redeclaring text command \ij (encoding OT1) on input li
ne 2078.
LaTeX Encoding Info:    Redeclaring text command \IJ (encoding OT1) on input li
ne 2080.
LaTeX Encoding Info:    Redeclaring text command \ij (encoding T1) on input lin
e 2082.
LaTeX Encoding Info:    Redeclaring text command \IJ (encoding T1) on input lin
e 2083.
LaTeX Encoding Info:    Ignoring declaration for text command \ij (encoding ?) 
on input line 2084.
LaTeX Encoding Info:    Ignoring declaration for text command \IJ (encoding ?) 
on input line 2086.
LaTeX Encoding Info:    Ignoring declaration for text command \SS (encoding ?) 
on input line 2111.
\U@D=\dimen149
\l@unhyphenated=\language49

(/nix/store/lya52wcq71pbx3xq8ybnix0kaqhcdxl2-texlive-combined-2025-texmfdist/te
x/generic/babel/txtbabel.def)
\bbl@readstream=\read2
\bbl@dirlevel=\count285

(/nix/store/lya52wcq71pbx3xq8ybnix0kaqhcdxl2-texlive-combined-2025-texmfdist/te
x/generic/babel/locale/fr/babel-french.tex)
(/nix/store/lya52wcq71pbx3xq8ybnix0kaqhcdxl2-texlive-combined-2025-texmfdist/te
x/generic/babel/locale/en/babel-english.tex)
Package babel Info: Importing font and identification data for french
(babel)             from babel-fr.ini. Reported on input line 4330.

(/nix/store/lya52wcq71pbx3xq8ybnix0kaqhcdxl2-texlive-combined-2025-texmfdist/te
x/generic/babel-french/french.ldf
Language: french 2025-08-15 v4.0e French support from the babel system

(/nix/store/lya52wcq71pbx3xq8ybnix0kaqhcdxl2-texlive-combined-2025-texmfdist/te
x/generic/babel-french/french3.ldf
Language: french 2025-08-15 v3.7e French support from the babel system
\FB@stdchar=\count286
Package babel Info: Making : an active character on input line 273.
Package babel Info: Making ; an active character on input line 274.
Package babel Info: Making ! an active character on input line 275.
Package babel Info: Making ? an active character on input line 276.
\FBguill@level=\count287
\FBold@everypar=\toks19
\FB@Mht=\dimen150
\mc@charclass=\count288
\mc@charfam=\count289
\mc@charslot=\count290
\std@mcc=\count291
\dec@mcc=\count292
\FB@pardim=\dimen151
\listindentFB=\dimen152
\descindentFB=\dimen153
\labelindentFB=\dimen154
\labelwidthFB=\dimen155
\leftmarginFB=\dimen156
\parindentFFN=\dimen157
\FBfnindent=\dimen158
))
Package babel Info: Importing font and identification data for english
(babel)             from babel-en.ini. Reported on input line 4330.

(/nix/store/lya52wcq71pbx3xq8ybnix0kaqhcdxl2-texlive-combined-2025-texmfdist/te
x/generic/babel-english/english.ldf
Language: english 2017/06/06 v3.3r English support from the babel system
Package babel Info: Hyphen rules for 'canadian' set to \l@english
(babel)             (\language0). Reported on input line 102.
Package babel Info: Hyphen rules for 'australian' set to \l@ukenglish
(babel)             (\language12). Reported on input line 105.
Package babel Info: Hyphen rules for 'newzealand' set to \l@ukenglish
(babel)             (\language12). Reported on input line 108.
))
(/nix/store/lya52wcq71pbx3xq8ybnix0kaqhcdxl2-texlive-combined-2025-texmfdist/te
x/latex/carlisle/scalefnt.sty)
(/nix/store/lya52wcq71pbx3xq8ybnix0kaqhcdxl2-texlive-combined-2025-texmfdist/te
x/latex/lm/lmodern.sty
Package: lmodern 2015/05/01 v1.6.1 Latin Modern Fonts
LaTeX Font Info:    Overwriting symbol font `operators' in version `normal'
(Font)                  OT1/cmr/m/n --> OT1/lmr/m/n on input line 22.
LaTeX Font Info:    Overwriting symbol font `letters' in version `normal'
(Font)                  OML/cmm/m/it --> OML/lmm/m/it on input line 23.
LaTeX Font Info:    Overwriting symbol font `symbols' in version `normal'
(Font)                  OMS/cmsy/m/n --> OMS/lmsy/m/n on input line 24.
LaTeX Font Info:    Overwriting symbol font `largesymbols' in version `normal'
(Font)                  OMX/cmex/m/n --> OMX/lmex/m/n on input line 25.
LaTeX Font Info:    Overwriting symbol font `operators' in version `bold'
(Font)                  OT1/cmr/bx/n --> OT1/lmr/bx/n on input line 26.
LaTeX Font Info:    Overwriting symbol font `letters' in version `bold'
(Font)                  OML/cmm/b/it --> OML/lmm/b/it on input line 27.
LaTeX Font Info:    Overwriting symbol font `symbols' in version `bold'
(Font)                  OMS/cmsy/b/n --> OMS/lmsy/b/n on input line 28.
LaTeX Font Info:    Overwriting symbol font `largesymbols' in version `bold'
(Font)                  OMX/cmex/m/n --> OMX/lmex/m/n on input line 29.
LaTeX Font Info:    Overwriting math alphabet `\mathbf' in version `normal'
(Font)                  OT1/cmr/bx/n --> OT1/lmr/bx/n on input line 31.
LaTeX Font Info:    Overwriting math alphabet `\mathsf' in version `normal'
(Font)                  OT1/cmss/m/n --> OT1/lmss/m/n on input line 32.
LaTeX Font Info:    Overwriting math alphabet `\mathit' in version `normal'
(Font)                  OT1/cmr/m/it --> OT1/lmr/m/it on input line 33.
LaTeX Font Info:    Overwriting math alphabet `\mathtt' in version `normal'
(Font)                  OT1/cmtt/m/n --> OT1/lmtt/m/n on input line 34.
LaTeX Font Info:    Overwriting math alphabet `\mathbf' in version `bold'
(Font)                  OT1/cmr/bx/n --> OT1/lmr/bx/n on input line 35.
LaTeX Font Info:    Overwriting math alphabet `\mathsf' in version `bold'
(Font)                  OT1/cmss/bx/n --> OT1/lmss/bx/n on input line 36.
LaTeX Font Info:    Overwriting math alphabet `\mathit' in version `bold'
(Font)                  OT1/cmr/bx/it --> OT1/lmr/bx/it on input line 37.
LaTeX Font Info:    Overwriting math alphabet `\mathtt' in version `bold'
(Font)                  OT1/cmtt/m/n --> OT1/lmtt/m/n on input line 38.
)
(/nix/store/lya52wcq71pbx3xq8ybnix0kaqhcdxl2-texlive-combined-2025-texmfdist/te
x/latex/microtype/microtype.sty
Package: microtype 2026/03/01 v3.2d Micro-typographical refinements (RS)

(/nix/store/lya52wcq71pbx3xq8ybnix0kaqhcdxl2-texlive-combined-2025-texmfdist/te
x/latex/graphics/keyval.sty
Package: keyval 2022/05/29 v1.15 key=value parser (DPC)
\KV@toks@=\toks20
)
(/nix/store/lya52wcq71pbx3xq8ybnix0kaqhcdxl2-texlive-combined-2025-texmfdist/te
x/latex/etoolbox/etoolbox.sty
Package: etoolbox 2025/10/02 v2.5m e-TeX tools for LaTeX (JAW)
\etb@tempcnta=\count293
)
\MT@toks=\toks21
\MT@tempbox=\box53
\MT@count=\count294
LaTeX Info: Redefining \noprotrusionifhmode on input line 1084.
LaTeX Info: Redefining \leftprotrusion on input line 1085.
\MT@prot@toks=\toks22
LaTeX Info: Redefining \rightprotrusion on input line 1104.
LaTeX Info: Redefining \textls on input line 1449.
\MT@outer@kern=\dimen159
LaTeX Info: Redefining \microtypecontext on input line 2053.
LaTeX Info: Redefining \textmicrotypecontext on input line 2070.
\MT@listname@count=\count295

(/nix/store/lya52wcq71pbx3xq8ybnix0kaqhcdxl2-texlive-combined-2025-texmfdist/te
x/latex/microtype/microtype-pdftex.def
File: microtype-pdftex.def 2026/03/01 v3.2d Definitions specific to pdftex (RS)

LaTeX Info: Redefining \lsstyle on input line 944.
LaTeX Info: Redefining \lslig on input line 944.
\MT@outer@space=\skip51
)
Package microtype Info: Loading configuration file microtype.cfg.

(/nix/store/lya52wcq71pbx3xq8ybnix0kaqhcdxl2-texlive-combined-2025-texmfdist/te
x/latex/microtype/microtype.cfg
File: microtype.cfg 2026/03/01 v3.2d microtype main configuration file (RS)
)
LaTeX Info: Redefining \microtypesetup on input line 3065.
)
(/nix/store/lya52wcq71pbx3xq8ybnix0kaqhcdxl2-texlive-combined-2025-texmfdist/te
x/latex/geometry/geometry.sty
Package: geometry 2020/01/02 v5.9 Page Geometry

(/nix/store/lya52wcq71pbx3xq8ybnix0kaqhcdxl2-texlive-combined-2025-texmfdist/te
x/generic/iftex/ifvtex.sty
Package: ifvtex 2019/10/25 v1.7 ifvtex legacy package. Use iftex instead.

(/nix/store/lya52wcq71pbx3xq8ybnix0kaqhcdxl2-texlive-combined-2025-texmfdist/te
x/generic/iftex/iftex.sty
Package: iftex 2024/12/12 v1.0g TeX engine tests
))
\Gm@cnth=\count296
\Gm@cntv=\count297
\c@Gm@tempcnt=\count298
\Gm@bindingoffset=\dimen160
\Gm@wd@mp=\dimen161
\Gm@odd@mp=\dimen162
\Gm@even@mp=\dimen163
\Gm@layoutwidth=\dimen164
\Gm@layoutheight=\dimen165
\Gm@layouthoffset=\dimen166
\Gm@layoutvoffset=\dimen167
\Gm@dimlist=\toks23
)
(/nix/store/lya52wcq71pbx3xq8ybnix0kaqhcdxl2-texlive-combined-2025-texmfdist/te
x/latex/xcolor/xcolor.sty
Package: xcolor 2024/09/29 v3.02 LaTeX color extensions (UK)

(/nix/store/lya52wcq71pbx3xq8ybnix0kaqhcdxl2-texlive-combined-2025-texmfdist/te
x/latex/graphics-cfg/color.cfg
File: color.cfg 2016/01/02 v1.6 sample color configuration
)
Package xcolor Info: Driver file: pdftex.def on input line 274.

(/nix/store/lya52wcq71pbx3xq8ybnix0kaqhcdxl2-texlive-combined-2025-texmfdist/te
x/latex/graphics-def/pdftex.def
File: pdftex.def 2025/09/29 v1.2d Graphics/color driver for pdftex
)
(/nix/store/lya52wcq71pbx3xq8ybnix0kaqhcdxl2-texlive-combined-2025-texmfdist/te
x/latex/graphics/mathcolor.ltx)
Package xcolor Info: Model `cmy' substituted by `cmy0' on input line 1349.
Package xcolor Info: Model `hsb' substituted by `rgb' on input line 1353.
Package xcolor Info: Model `RGB' extended on input line 1365.
Package xcolor Info: Model `HTML' substituted by `rgb' on input line 1367.
Package xcolor Info: Model `Hsb' substituted by `hsb' on input line 1368.
Package xcolor Info: Model `tHsb' substituted by `hsb' on input line 1369.
Package xcolor Info: Model `HSB' substituted by `hsb' on input line 1370.
Package xcolor Info: Model `Gray' substituted by `gray' on input line 1371.
Package xcolor Info: Model `wave' substituted by `hsb' on input line 1372.
)
(/nix/store/lya52wcq71pbx3xq8ybnix0kaqhcdxl2-texlive-combined-2025-texmfdist/te
x/latex/graphics/graphicx.sty
Package: graphicx 2024/12/31 v1.2e Enhanced LaTeX Graphics (DPC,SPQR)

(/nix/store/lya52wcq71pbx3xq8ybnix0kaqhcdxl2-texlive-combined-2025-texmfdist/te
x/latex/graphics/graphics.sty
Package: graphics 2024/08/06 v1.4g Standard LaTeX Graphics (DPC,SPQR)

(/nix/store/lya52wcq71pbx3xq8ybnix0kaqhcdxl2-texlive-combined-2025-texmfdist/te
x/latex/graphics/trig.sty
Package: trig 2023/12/02 v1.11 sin cos tan (DPC)
)
(/nix/store/lya52wcq71pbx3xq8ybnix0kaqhcdxl2-texlive-combined-2025-texmfdist/te
x/latex/graphics-cfg/graphics.cfg
File: graphics.cfg 2016/06/04 v1.11 sample graphics configuration
)
Package graphics Info: Driver file: pdftex.def on input line 106.
)
\Gin@req@height=\dimen168
\Gin@req@width=\dimen169
)
(/nix/store/lya52wcq71pbx3xq8ybnix0kaqhcdxl2-texlive-combined-2025-texmfdist/te
x/latex/amsmath/amsmath.sty
Package: amsmath 2025/07/09 v2.17z AMS math features
\@mathmargin=\skip52

For additional information on amsmath, use the `?' option.

(/nix/store/lya52wcq71pbx3xq8ybnix0kaqhcdxl2-texlive-combined-2025-texmfdist/te
x/latex/amsmath/amstext.sty
Package: amstext 2024/11/17 v2.01 AMS text

(/nix/store/lya52wcq71pbx3xq8ybnix0kaqhcdxl2-texlive-combined-2025-texmfdist/te
x/latex/amsmath/amsgen.sty
File: amsgen.sty 1999/11/30 v2.0 generic functions
\@emptytoks=\toks24
\ex@=\dimen170
))
(/nix/store/lya52wcq71pbx3xq8ybnix0kaqhcdxl2-texlive-combined-2025-texmfdist/te
x/latex/amsmath/amsbsy.sty
Package: amsbsy 1999/11/29 v1.2d Bold Symbols
\pmbraise@=\dimen171
)
(/nix/store/lya52wcq71pbx3xq8ybnix0kaqhcdxl2-texlive-combined-2025-texmfdist/te
x/latex/amsmath/amsopn.sty
Package: amsopn 2022/04/08 v2.04 operator names
)
\inf@bad=\count299
LaTeX Info: Redefining \frac on input line 233.
\uproot@=\count300
\leftroot@=\count301
LaTeX Info: Redefining \overline on input line 398.
LaTeX Info: Redefining \colon on input line 409.
\classnum@=\count302
\DOTSCASE@=\count303
LaTeX Info: Redefining \ldots on input line 495.
LaTeX Info: Redefining \dots on input line 498.
LaTeX Info: Redefining \cdots on input line 619.
\Mathstrutbox@=\box54
\strutbox@=\box55
LaTeX Info: Redefining \big on input line 721.
LaTeX Info: Redefining \Big on input line 722.
LaTeX Info: Redefining \bigg on input line 723.
LaTeX Info: Redefining \Bigg on input line 724.
\big@size=\dimen172
LaTeX Font Info:    Redeclaring font encoding OML on input line 742.
LaTeX Font Info:    Redeclaring font encoding OMS on input line 743.
\macc@depth=\count304
LaTeX Info: Redefining \bmod on input line 904.
LaTeX Info: Redefining \pmod on input line 909.
LaTeX Info: Redefining \smash on input line 939.
LaTeX Info: Redefining \relbar on input line 969.
LaTeX Info: Redefining \Relbar on input line 970.
\c@MaxMatrixCols=\count305
\dotsspace@=\muskip17
\c@parentequation=\count306
\dspbrk@lvl=\count307
\tag@help=\toks25
\row@=\count308
\column@=\count309
\maxfields@=\count310
\andhelp@=\toks26
\eqnshift@=\dimen173
\alignsep@=\dimen174
\tagshift@=\dimen175
\tagwidth@=\dimen176
\totwidth@=\dimen177
\lineht@=\dimen178
\@envbody=\toks27
\multlinegap=\skip53
\multlinetaggap=\skip54
\mathdisplay@stack=\toks28
LaTeX Info: Redefining \[ on input line 2950.
LaTeX Info: Redefining \] on input line 2951.
)
(/nix/store/lya52wcq71pbx3xq8ybnix0kaqhcdxl2-texlive-combined-2025-texmfdist/te
x/latex/amsfonts/amssymb.sty
Package: amssymb 2013/01/14 v3.01 AMS font symbols

(/nix/store/lya52wcq71pbx3xq8ybnix0kaqhcdxl2-texlive-combined-2025-texmfdist/te
x/latex/amsfonts/amsfonts.sty
Package: amsfonts 2013/01/14 v3.01 Basic AMSFonts support
\symAMSa=\mathgroup4
\symAMSb=\mathgroup5
LaTeX Font Info:    Redeclaring math symbol \hbar on input line 98.
LaTeX Font Info:    Overwriting math alphabet `\mathfrak' in version `bold'
(Font)                  U/euf/m/n --> U/euf/b/n on input line 106.
))
(/nix/store/lya52wcq71pbx3xq8ybnix0kaqhcdxl2-texlive-combined-2025-texmfdist/te
x/latex/booktabs/booktabs.sty
Package: booktabs 2020/01/12 v1.61803398 Publication quality tables
\heavyrulewidth=\dimen179
\lightrulewidth=\dimen180
\cmidrulewidth=\dimen181
\belowrulesep=\dimen182
\belowbottomsep=\dimen183
\aboverulesep=\dimen184
\abovetopsep=\dimen185
\cmidrulesep=\dimen186
\cmidrulekern=\dimen187
\defaultaddspace=\dimen188
\@cmidla=\count311
\@cmidlb=\count312
\@aboverulesep=\dimen189
\@belowrulesep=\dimen190
\@thisruleclass=\count313
\@lastruleclass=\count314
\@thisrulewidth=\dimen191
)
(/nix/store/lya52wcq71pbx3xq8ybnix0kaqhcdxl2-texlive-combined-2025-texmfdist/te
x/latex/tools/tabularx.sty
Package: tabularx 2023/12/11 v2.12a `tabularx' package (DPC)

(/nix/store/lya52wcq71pbx3xq8ybnix0kaqhcdxl2-texlive-combined-2025-texmfdist/te
x/latex/tools/array.sty
Package: array 2025/09/25 v2.6n Tabular extension package (FMi)
\col@sep=\dimen192
\ar@mcellbox=\box56
\extrarowheight=\dimen193
\NC@list=\toks29
\extratabsurround=\skip55
\backup@length=\skip56
\ar@cellbox=\box57
)
\TX@col@width=\dimen194
\TX@old@table=\dimen195
\TX@old@col=\dimen196
\TX@target=\dimen197
\TX@delta=\dimen198
\TX@cols=\count315
\TX@ftn=\toks30
)
(/nix/store/lya52wcq71pbx3xq8ybnix0kaqhcdxl2-texlive-combined-2025-texmfdist/te
x/latex/float/float.sty
Package: float 2001/11/08 v1.3d Float enhancements (AL)
\c@float@type=\count316
\float@exts=\toks31
\float@box=\box58
\@float@everytoks=\toks32
\@floatcapt=\box59
)
(/nix/store/lya52wcq71pbx3xq8ybnix0kaqhcdxl2-texlive-combined-2025-texmfdist/te
x/latex/pgf/frontendlayer/tikz.sty
(/nix/store/lya52wcq71pbx3xq8ybnix0kaqhcdxl2-texlive-combined-2025-texmfdist/te
x/latex/pgf/basiclayer/pgf.sty
(/nix/store/lya52wcq71pbx3xq8ybnix0kaqhcdxl2-texlive-combined-2025-texmfdist/te
x/latex/pgf/utilities/pgfrcs.sty
(/nix/store/lya52wcq71pbx3xq8ybnix0kaqhcdxl2-texlive-combined-2025-texmfdist/te
x/generic/pgf/utilities/pgfutil-common.tex
\pgfutil@everybye=\toks33
\pgfutil@tempdima=\dimen199
\pgfutil@tempdimb=\dimen256
)
(/nix/store/lya52wcq71pbx3xq8ybnix0kaqhcdxl2-texlive-combined-2025-texmfdist/te
x/generic/pgf/utilities/pgfutil-latex.def
\pgfutil@abb=\box60
)
(/nix/store/lya52wcq71pbx3xq8ybnix0kaqhcdxl2-texlive-combined-2025-texmfdist/te
x/generic/pgf/utilities/pgfrcs.code.tex
(/nix/store/lya52wcq71pbx3xq8ybnix0kaqhcdxl2-texlive-combined-2025-texmfdist/te
x/generic/pgf/pgf.revision.tex)
Package: pgfrcs 2025-08-29 v3.1.11a (3.1.11a)
))
Package: pgf 2025-08-29 v3.1.11a (3.1.11a)

(/nix/store/lya52wcq71pbx3xq8ybnix0kaqhcdxl2-texlive-combined-2025-texmfdist/te
x/latex/pgf/basiclayer/pgfcore.sty
(/nix/store/lya52wcq71pbx3xq8ybnix0kaqhcdxl2-texlive-combined-2025-texmfdist/te
x/latex/pgf/systemlayer/pgfsys.sty
(/nix/store/lya52wcq71pbx3xq8ybnix0kaqhcdxl2-texlive-combined-2025-texmfdist/te
x/generic/pgf/systemlayer/pgfsys.code.tex
Package: pgfsys 2025-08-29 v3.1.11a (3.1.11a)

(/nix/store/lya52wcq71pbx3xq8ybnix0kaqhcdxl2-texlive-combined-2025-texmfdist/te
x/generic/pgf/utilities/pgfkeys.code.tex
\pgfkeys@pathtoks=\toks34
\pgfkeys@temptoks=\toks35

(/nix/store/lya52wcq71pbx3xq8ybnix0kaqhcdxl2-texlive-combined-2025-texmfdist/te
x/generic/pgf/utilities/pgfkeyslibraryfiltered.code.tex
\pgfkeys@tmptoks=\toks36
))
\pgf@x=\dimen257
\pgf@y=\dimen258
\pgf@xa=\dimen259
\pgf@ya=\dimen260
\pgf@xb=\dimen261
\pgf@yb=\dimen262
\pgf@xc=\dimen263
\pgf@yc=\dimen264
\pgf@xd=\dimen265
\pgf@yd=\dimen266
\w@pgf@writea=\write3
\r@pgf@reada=\read3
\c@pgf@counta=\count317
\c@pgf@countb=\count318
\c@pgf@countc=\count319
\c@pgf@countd=\count320
\t@pgf@toka=\toks37
\t@pgf@tokb=\toks38
\t@pgf@tokc=\toks39
\pgf@sys@id@count=\count321

(/nix/store/lya52wcq71pbx3xq8ybnix0kaqhcdxl2-texlive-combined-2025-texmfdist/te
x/generic/pgf/systemlayer/pgf.cfg
File: pgf.cfg 2025-08-29 v3.1.11a (3.1.11a)
)
Driver file for pgf: pgfsys-pdftex.def

(/nix/store/lya52wcq71pbx3xq8ybnix0kaqhcdxl2-texlive-combined-2025-texmfdist/te
x/generic/pgf/systemlayer/pgfsys-pdftex.def
File: pgfsys-pdftex.def 2025-08-29 v3.1.11a (3.1.11a)

(/nix/store/lya52wcq71pbx3xq8ybnix0kaqhcdxl2-texlive-combined-2025-texmfdist/te
x/generic/pgf/systemlayer/pgfsys-common-pdf.def
File: pgfsys-common-pdf.def 2025-08-29 v3.1.11a (3.1.11a)
)))
(/nix/store/lya52wcq71pbx3xq8ybnix0kaqhcdxl2-texlive-combined-2025-texmfdist/te
x/generic/pgf/systemlayer/pgfsyssoftpath.code.tex
File: pgfsyssoftpath.code.tex 2025-08-29 v3.1.11a (3.1.11a)
\pgfsyssoftpath@smallbuffer@items=\count322
\pgfsyssoftpath@bigbuffer@items=\count323
)
(/nix/store/lya52wcq71pbx3xq8ybnix0kaqhcdxl2-texlive-combined-2025-texmfdist/te
x/generic/pgf/systemlayer/pgfsysprotocol.code.tex
File: pgfsysprotocol.code.tex 2025-08-29 v3.1.11a (3.1.11a)
))
(/nix/store/lya52wcq71pbx3xq8ybnix0kaqhcdxl2-texlive-combined-2025-texmfdist/te
x/generic/pgf/basiclayer/pgfcore.code.tex
Package: pgfcore 2025-08-29 v3.1.11a (3.1.11a)

(/nix/store/lya52wcq71pbx3xq8ybnix0kaqhcdxl2-texlive-combined-2025-texmfdist/te
x/generic/pgf/math/pgfmath.code.tex
(/nix/store/lya52wcq71pbx3xq8ybnix0kaqhcdxl2-texlive-combined-2025-texmfdist/te
x/generic/pgf/math/pgfmathutil.code.tex)
(/nix/store/lya52wcq71pbx3xq8ybnix0kaqhcdxl2-texlive-combined-2025-texmfdist/te
x/generic/pgf/math/pgfmathparser.code.tex
\pgfmath@dimen=\dimen267
\pgfmath@count=\count324
\pgfmath@box=\box61
\pgfmath@toks=\toks40
\pgfmath@stack@operand=\toks41
\pgfmath@stack@operation=\toks42
)
(/nix/store/lya52wcq71pbx3xq8ybnix0kaqhcdxl2-texlive-combined-2025-texmfdist/te
x/generic/pgf/math/pgfmathfunctions.code.tex)
(/nix/store/lya52wcq71pbx3xq8ybnix0kaqhcdxl2-texlive-combined-2025-texmfdist/te
x/generic/pgf/math/pgfmathfunctions.basic.code.tex)
(/nix/store/lya52wcq71pbx3xq8ybnix0kaqhcdxl2-texlive-combined-2025-texmfdist/te
x/generic/pgf/math/pgfmathfunctions.trigonometric.code.tex)
(/nix/store/lya52wcq71pbx3xq8ybnix0kaqhcdxl2-texlive-combined-2025-texmfdist/te
x/generic/pgf/math/pgfmathfunctions.random.code.tex)
(/nix/store/lya52wcq71pbx3xq8ybnix0kaqhcdxl2-texlive-combined-2025-texmfdist/te
x/generic/pgf/math/pgfmathfunctions.comparison.code.tex)
(/nix/store/lya52wcq71pbx3xq8ybnix0kaqhcdxl2-texlive-combined-2025-texmfdist/te
x/generic/pgf/math/pgfmathfunctions.base.code.tex)
(/nix/store/lya52wcq71pbx3xq8ybnix0kaqhcdxl2-texlive-combined-2025-texmfdist/te
x/generic/pgf/math/pgfmathfunctions.round.code.tex)
(/nix/store/lya52wcq71pbx3xq8ybnix0kaqhcdxl2-texlive-combined-2025-texmfdist/te
x/generic/pgf/math/pgfmathfunctions.misc.code.tex)
(/nix/store/lya52wcq71pbx3xq8ybnix0kaqhcdxl2-texlive-combined-2025-texmfdist/te
x/generic/pgf/math/pgfmathfunctions.integerarithmetics.code.tex)
(/nix/store/lya52wcq71pbx3xq8ybnix0kaqhcdxl2-texlive-combined-2025-texmfdist/te
x/generic/pgf/math/pgfmathcalc.code.tex)
(/nix/store/lya52wcq71pbx3xq8ybnix0kaqhcdxl2-texlive-combined-2025-texmfdist/te
x/generic/pgf/math/pgfmathfloat.code.tex
\c@pgfmathroundto@lastzeros=\count325
))
(/nix/store/lya52wcq71pbx3xq8ybnix0kaqhcdxl2-texlive-combined-2025-texmfdist/te
x/generic/pgf/math/pgfint.code.tex)
(/nix/store/lya52wcq71pbx3xq8ybnix0kaqhcdxl2-texlive-combined-2025-texmfdist/te
x/generic/pgf/basiclayer/pgfcorepoints.code.tex
File: pgfcorepoints.code.tex 2025-08-29 v3.1.11a (3.1.11a)
\pgf@picminx=\dimen268
\pgf@picmaxx=\dimen269
\pgf@picminy=\dimen270
\pgf@picmaxy=\dimen271
\pgf@pathminx=\dimen272
\pgf@pathmaxx=\dimen273
\pgf@pathminy=\dimen274
\pgf@pathmaxy=\dimen275
\pgf@xx=\dimen276
\pgf@xy=\dimen277
\pgf@yx=\dimen278
\pgf@yy=\dimen279
\pgf@zx=\dimen280
\pgf@zy=\dimen281
)
(/nix/store/lya52wcq71pbx3xq8ybnix0kaqhcdxl2-texlive-combined-2025-texmfdist/te
x/generic/pgf/basiclayer/pgfcorepathconstruct.code.tex
File: pgfcorepathconstruct.code.tex 2025-08-29 v3.1.11a (3.1.11a)
\pgf@path@lastx=\dimen282
\pgf@path@lasty=\dimen283
)
(/nix/store/lya52wcq71pbx3xq8ybnix0kaqhcdxl2-texlive-combined-2025-texmfdist/te
x/generic/pgf/basiclayer/pgfcorepathusage.code.tex
File: pgfcorepathusage.code.tex 2025-08-29 v3.1.11a (3.1.11a)
\pgf@shorten@end@additional=\dimen284
\pgf@shorten@start@additional=\dimen285
)
(/nix/store/lya52wcq71pbx3xq8ybnix0kaqhcdxl2-texlive-combined-2025-texmfdist/te
x/generic/pgf/basiclayer/pgfcorescopes.code.tex
File: pgfcorescopes.code.tex 2025-08-29 v3.1.11a (3.1.11a)
\pgfpic=\box62
\pgf@hbox=\box63
\pgf@layerbox@main=\box64
\pgf@picture@serial@count=\count326
)
(/nix/store/lya52wcq71pbx3xq8ybnix0kaqhcdxl2-texlive-combined-2025-texmfdist/te
x/generic/pgf/basiclayer/pgfcoregraphicstate.code.tex
File: pgfcoregraphicstate.code.tex 2025-08-29 v3.1.11a (3.1.11a)
\pgflinewidth=\dimen286
)
(/nix/store/lya52wcq71pbx3xq8ybnix0kaqhcdxl2-texlive-combined-2025-texmfdist/te
x/generic/pgf/basiclayer/pgfcoretransformations.code.tex
File: pgfcoretransformations.code.tex 2025-08-29 v3.1.11a (3.1.11a)
\pgf@pt@x=\dimen287
\pgf@pt@y=\dimen288
\pgf@pt@temp=\dimen289
)
(/nix/store/lya52wcq71pbx3xq8ybnix0kaqhcdxl2-texlive-combined-2025-texmfdist/te
x/generic/pgf/basiclayer/pgfcorequick.code.tex
File: pgfcorequick.code.tex 2025-08-29 v3.1.11a (3.1.11a)
)
(/nix/store/lya52wcq71pbx3xq8ybnix0kaqhcdxl2-texlive-combined-2025-texmfdist/te
x/generic/pgf/basiclayer/pgfcoreobjects.code.tex
File: pgfcoreobjects.code.tex 2025-08-29 v3.1.11a (3.1.11a)
)
(/nix/store/lya52wcq71pbx3xq8ybnix0kaqhcdxl2-texlive-combined-2025-texmfdist/te
x/generic/pgf/basiclayer/pgfcorepathprocessing.code.tex
File: pgfcorepathprocessing.code.tex 2025-08-29 v3.1.11a (3.1.11a)
)
(/nix/store/lya52wcq71pbx3xq8ybnix0kaqhcdxl2-texlive-combined-2025-texmfdist/te
x/generic/pgf/basiclayer/pgfcorearrows.code.tex
File: pgfcorearrows.code.tex 2025-08-29 v3.1.11a (3.1.11a)
\pgfarrowsep=\dimen290
)
(/nix/store/lya52wcq71pbx3xq8ybnix0kaqhcdxl2-texlive-combined-2025-texmfdist/te
x/generic/pgf/basiclayer/pgfcoreshade.code.tex
File: pgfcoreshade.code.tex 2025-08-29 v3.1.11a (3.1.11a)
\pgf@max=\dimen291
\pgf@sys@shading@range@num=\count327
\pgf@shadingcount=\count328
)
(/nix/store/lya52wcq71pbx3xq8ybnix0kaqhcdxl2-texlive-combined-2025-texmfdist/te
x/generic/pgf/basiclayer/pgfcoreimage.code.tex
File: pgfcoreimage.code.tex 2025-08-29 v3.1.11a (3.1.11a)
)
(/nix/store/lya52wcq71pbx3xq8ybnix0kaqhcdxl2-texlive-combined-2025-texmfdist/te
x/generic/pgf/basiclayer/pgfcoreexternal.code.tex
File: pgfcoreexternal.code.tex 2025-08-29 v3.1.11a (3.1.11a)
\pgfexternal@startupbox=\box65
)
(/nix/store/lya52wcq71pbx3xq8ybnix0kaqhcdxl2-texlive-combined-2025-texmfdist/te
x/generic/pgf/basiclayer/pgfcorelayers.code.tex
File: pgfcorelayers.code.tex 2025-08-29 v3.1.11a (3.1.11a)
)
(/nix/store/lya52wcq71pbx3xq8ybnix0kaqhcdxl2-texlive-combined-2025-texmfdist/te
x/generic/pgf/basiclayer/pgfcoretransparency.code.tex
File: pgfcoretransparency.code.tex 2025-08-29 v3.1.11a (3.1.11a)
)
(/nix/store/lya52wcq71pbx3xq8ybnix0kaqhcdxl2-texlive-combined-2025-texmfdist/te
x/generic/pgf/basiclayer/pgfcorepatterns.code.tex
File: pgfcorepatterns.code.tex 2025-08-29 v3.1.11a (3.1.11a)
)
(/nix/store/lya52wcq71pbx3xq8ybnix0kaqhcdxl2-texlive-combined-2025-texmfdist/te
x/generic/pgf/basiclayer/pgfcorerdf.code.tex
File: pgfcorerdf.code.tex 2025-08-29 v3.1.11a (3.1.11a)
)))
(/nix/store/lya52wcq71pbx3xq8ybnix0kaqhcdxl2-texlive-combined-2025-texmfdist/te
x/generic/pgf/modules/pgfmoduleshapes.code.tex
File: pgfmoduleshapes.code.tex 2025-08-29 v3.1.11a (3.1.11a)
\pgfnodeparttextbox=\box66
)
(/nix/store/lya52wcq71pbx3xq8ybnix0kaqhcdxl2-texlive-combined-2025-texmfdist/te
x/generic/pgf/modules/pgfmoduleplot.code.tex
File: pgfmoduleplot.code.tex 2025-08-29 v3.1.11a (3.1.11a)
)
(/nix/store/lya52wcq71pbx3xq8ybnix0kaqhcdxl2-texlive-combined-2025-texmfdist/te
x/latex/pgf/compatibility/pgfcomp-version-0-65.sty
Package: pgfcomp-version-0-65 2025-08-29 v3.1.11a (3.1.11a)
\pgf@nodesepstart=\dimen292
\pgf@nodesepend=\dimen293
)
(/nix/store/lya52wcq71pbx3xq8ybnix0kaqhcdxl2-texlive-combined-2025-texmfdist/te
x/latex/pgf/compatibility/pgfcomp-version-1-18.sty
Package: pgfcomp-version-1-18 2025-08-29 v3.1.11a (3.1.11a)
))
(/nix/store/lya52wcq71pbx3xq8ybnix0kaqhcdxl2-texlive-combined-2025-texmfdist/te
x/latex/pgf/utilities/pgffor.sty
(/nix/store/lya52wcq71pbx3xq8ybnix0kaqhcdxl2-texlive-combined-2025-texmfdist/te
x/latex/pgf/utilities/pgfkeys.sty
(/nix/store/lya52wcq71pbx3xq8ybnix0kaqhcdxl2-texlive-combined-2025-texmfdist/te
x/generic/pgf/utilities/pgfkeys.code.tex))
(/nix/store/lya52wcq71pbx3xq8ybnix0kaqhcdxl2-texlive-combined-2025-texmfdist/te
x/latex/pgf/math/pgfmath.sty
(/nix/store/lya52wcq71pbx3xq8ybnix0kaqhcdxl2-texlive-combined-2025-texmfdist/te
x/generic/pgf/math/pgfmath.code.tex))
(/nix/store/lya52wcq71pbx3xq8ybnix0kaqhcdxl2-texlive-combined-2025-texmfdist/te
x/generic/pgf/utilities/pgffor.code.tex
Package: pgffor 2025-08-29 v3.1.11a (3.1.11a)
\pgffor@iter=\dimen294
\pgffor@skip=\dimen295
\pgffor@stack=\toks43
\pgffor@toks=\toks44
))
(/nix/store/lya52wcq71pbx3xq8ybnix0kaqhcdxl2-texlive-combined-2025-texmfdist/te
x/generic/pgf/frontendlayer/tikz/tikz.code.tex
Package: tikz 2025-08-29 v3.1.11a (3.1.11a)

(/nix/store/lya52wcq71pbx3xq8ybnix0kaqhcdxl2-texlive-combined-2025-texmfdist/te
x/generic/pgf/libraries/pgflibraryplothandlers.code.tex
File: pgflibraryplothandlers.code.tex 2025-08-29 v3.1.11a (3.1.11a)
\pgf@plot@mark@count=\count329
\pgfplotmarksize=\dimen296
)
\tikz@lastx=\dimen297
\tikz@lasty=\dimen298
\tikz@lastxsaved=\dimen299
\tikz@lastysaved=\dimen300
\tikz@lastmovetox=\dimen301
\tikz@lastmovetoy=\dimen302
\tikzleveldistance=\dimen303
\tikzsiblingdistance=\dimen304
\tikz@figbox=\box67
\tikz@figbox@bg=\box68
\tikz@tempbox=\box69
\tikz@tempbox@bg=\box70
\tikztreelevel=\count330
\tikznumberofchildren=\count331
\tikznumberofcurrentchild=\count332
\tikz@fig@count=\count333

(/nix/store/lya52wcq71pbx3xq8ybnix0kaqhcdxl2-texlive-combined-2025-texmfdist/te
x/generic/pgf/modules/pgfmodulematrix.code.tex
File: pgfmodulematrix.code.tex 2025-08-29 v3.1.11a (3.1.11a)
\pgfmatrixcurrentrow=\count334
\pgfmatrixcurrentcolumn=\count335
\pgf@matrix@numberofcolumns=\count336
)
\tikz@expandcount=\count337

(/nix/store/lya52wcq71pbx3xq8ybnix0kaqhcdxl2-texlive-combined-2025-texmfdist/te
x/generic/pgf/frontendlayer/tikz/libraries/tikzlibrarytopaths.code.tex
File: tikzlibrarytopaths.code.tex 2025-08-29 v3.1.11a (3.1.11a)
)))
(/nix/store/lya52wcq71pbx3xq8ybnix0kaqhcdxl2-texlive-combined-2025-texmfdist/te
x/generic/pgf/libraries/pgflibraryarrows.meta.code.tex
File: pgflibraryarrows.meta.code.tex 2025-08-29 v3.1.11a (3.1.11a)
\pgfarrowinset=\dimen305
\pgfarrowlength=\dimen306
\pgfarrowwidth=\dimen307
\pgfarrowlinewidth=\dimen308
)
(/nix/store/lya52wcq71pbx3xq8ybnix0kaqhcdxl2-texlive-combined-2025-texmfdist/te
x/generic/pgf/frontendlayer/tikz/libraries/tikzlibrarypositioning.code.tex
File: tikzlibrarypositioning.code.tex 2025-08-29 v3.1.11a (3.1.11a)
)
(/nix/store/lya52wcq71pbx3xq8ybnix0kaqhcdxl2-texlive-combined-2025-texmfdist/te
x/generic/pgf/frontendlayer/tikz/libraries/tikzlibraryshapes.geometric.code.tex
File: tikzlibraryshapes.geometric.code.tex 2025-08-29 v3.1.11a (3.1.11a)

(/nix/store/lya52wcq71pbx3xq8ybnix0kaqhcdxl2-texlive-combined-2025-texmfdist/te
x/generic/pgf/libraries/shapes/pgflibraryshapes.geometric.code.tex
File: pgflibraryshapes.geometric.code.tex 2025-08-29 v3.1.11a (3.1.11a)
))
(/nix/store/lya52wcq71pbx3xq8ybnix0kaqhcdxl2-texlive-combined-2025-texmfdist/te
x/generic/pgf/frontendlayer/tikz/libraries/tikzlibraryfit.code.tex
File: tikzlibraryfit.code.tex 2025-08-29 v3.1.11a (3.1.11a)
)
(/nix/store/lya52wcq71pbx3xq8ybnix0kaqhcdxl2-texlive-combined-2025-texmfdist/te
x/generic/pgf/frontendlayer/tikz/libraries/tikzlibrarycalc.code.tex
File: tikzlibrarycalc.code.tex 2025-08-29 v3.1.11a (3.1.11a)
)
(/nix/store/lya52wcq71pbx3xq8ybnix0kaqhcdxl2-texlive-combined-2025-texmfdist/te
x/generic/pgf/frontendlayer/tikz/libraries/tikzlibrarybackgrounds.code.tex
File: tikzlibrarybackgrounds.code.tex 2025-08-29 v3.1.11a (3.1.11a)
\pgf@layerbox@background=\box71
\pgf@layerboxsaved@background=\box72
)
(/nix/store/lya52wcq71pbx3xq8ybnix0kaqhcdxl2-texlive-combined-2025-texmfdist/te
x/generic/pgf/frontendlayer/tikz/libraries/tikzlibraryshadows.code.tex
File: tikzlibraryshadows.code.tex 2025-08-29 v3.1.11a (3.1.11a)

(/nix/store/lya52wcq71pbx3xq8ybnix0kaqhcdxl2-texlive-combined-2025-texmfdist/te
x/generic/pgf/frontendlayer/tikz/libraries/tikzlibraryfadings.code.tex
File: tikzlibraryfadings.code.tex 2025-08-29 v3.1.11a (3.1.11a)

(/nix/store/lya52wcq71pbx3xq8ybnix0kaqhcdxl2-texlive-combined-2025-texmfdist/te
x/generic/pgf/libraries/pgflibraryfadings.code.tex
File: pgflibraryfadings.code.tex 2025-08-29 v3.1.11a (3.1.11a)
)))
(/nix/store/lya52wcq71pbx3xq8ybnix0kaqhcdxl2-texlive-combined-2025-texmfdist/te
x/latex/enumitem/enumitem.sty
Package: enumitem 2025/02/06 v3.11 Customized lists
\labelindent=\skip57
\enit@outerparindent=\dimen309
\enit@toks=\toks45
\enit@inbox=\box73
\enit@count@id=\count338
\enitdp@description=\count339
)
(/nix/store/lya52wcq71pbx3xq8ybnix0kaqhcdxl2-texlive-combined-2025-texmfdist/te
x/latex/csquotes/csquotes.sty
Package: csquotes 2024-04-04 v5.2o context-sensitive quotations (JAW)
\csq@reset=\count340
\csq@gtype=\count341
\csq@glevel=\count342
\csq@qlevel=\count343
\csq@maxlvl=\count344
\csq@tshold=\count345
\csq@ltx@everypar=\toks46

(/nix/store/lya52wcq71pbx3xq8ybnix0kaqhcdxl2-texlive-combined-2025-texmfdist/te
x/latex/csquotes/csquotes.def
File: csquotes.def 2024-04-04 v5.2o csquotes generic definitions (JAW)
)
Package csquotes Info: Trying to load configuration file 'csquotes.cfg'...
Package csquotes Info: ... configuration file loaded successfully.

(/nix/store/lya52wcq71pbx3xq8ybnix0kaqhcdxl2-texlive-combined-2025-texmfdist/te
x/latex/csquotes/csquotes.cfg
File: csquotes.cfg 
))
(/nix/store/lya52wcq71pbx3xq8ybnix0kaqhcdxl2-texlive-combined-2025-texmfdist/te
x/latex/setspace/setspace.sty
Package: setspace 2022/12/04 v6.7b set line spacing
)
(/nix/store/lya52wcq71pbx3xq8ybnix0kaqhcdxl2-texlive-combined-2025-texmfdist/te
x/latex/fancyhdr/fancyhdr.sty
Package: fancyhdr 2025/02/07 v5.2 Extensive control of page headers and footers

\f@nch@headwidth=\skip58
\f@nch@offset@elh=\skip59
\f@nch@offset@erh=\skip60
\f@nch@offset@olh=\skip61
\f@nch@offset@orh=\skip62
\f@nch@offset@elf=\skip63
\f@nch@offset@erf=\skip64
\f@nch@offset@olf=\skip65
\f@nch@offset@orf=\skip66
\f@nch@height=\skip67
\f@nch@footalignment=\skip68
\f@nch@widthL=\skip69
\f@nch@widthC=\skip70
\f@nch@widthR=\skip71
\@temptokenb=\toks47
)
(/nix/store/lya52wcq71pbx3xq8ybnix0kaqhcdxl2-texlive-combined-2025-texmfdist/te
x/latex/titlesec/titlesec.sty
Package: titlesec 2025/01/04 v2.17 Sectioning titles
\ttl@box=\box74
\beforetitleunit=\skip72
\aftertitleunit=\skip73
\ttl@plus=\dimen310
\ttl@minus=\dimen311
\ttl@toksa=\toks48
\titlewidth=\dimen312
\titlewidthlast=\dimen313
\titlewidthfirst=\dimen314
)
(/nix/store/lya52wcq71pbx3xq8ybnix0kaqhcdxl2-texlive-combined-2025-texmfdist/te
x/latex/tcolorbox/tcolorbox.sty
Package: tcolorbox 2025/11/28 version 6.9.0 text color boxes

(/nix/store/lya52wcq71pbx3xq8ybnix0kaqhcdxl2-texlive-combined-2025-texmfdist/te
x/latex/tools/verbatim.sty
Package: verbatim 2024-01-22 v1.5x LaTeX2e package for verbatim enhancements
\every@verbatim=\toks49
\verbatim@line=\toks50
\verbatim@in@stream=\read4
)
(/nix/store/lya52wcq71pbx3xq8ybnix0kaqhcdxl2-texlive-combined-2025-texmfdist/te
x/latex/environ/environ.sty
Package: environ 2014/05/04 v0.3 A new way to define environments

(/nix/store/lya52wcq71pbx3xq8ybnix0kaqhcdxl2-texlive-combined-2025-texmfdist/te
x/latex/trimspaces/trimspaces.sty
Package: trimspaces 2009/09/17 v1.1 Trim spaces around a token list
))
\tcb@titlebox=\box75
\tcb@upperbox=\box76
\tcb@lowerbox=\box77
\tcb@phantombox=\box78
\c@tcbbreakpart=\count346
\c@tcblayer=\count347
\c@tcolorbox@number=\count348
\l__tcobox_tmpa_box=\box79
\l__tcobox_tmpa_dim=\dimen315
\tcb@temp=\box80
\tcb@temp=\box81
\tcb@temp=\box82
\tcb@temp=\box83
)
(/nix/store/lya52wcq71pbx3xq8ybnix0kaqhcdxl2-texlive-combined-2025-texmfdist/te
x/latex/listings/listings.sty
\lst@mode=\count349
\lst@gtempboxa=\box84
\lst@token=\toks51
\lst@length=\count350
\lst@currlwidth=\dimen316
\lst@column=\count351
\lst@pos=\count352
\lst@lostspace=\dimen317
\lst@width=\dimen318
\lst@newlines=\count353
\lst@lineno=\count354
\lst@maxwidth=\dimen319

(/nix/store/lya52wcq71pbx3xq8ybnix0kaqhcdxl2-texlive-combined-2025-texmfdist/te
x/latex/listings/lstpatch.sty
File: lstpatch.sty 2025/11/14 1.11b (Carsten Heinz)
)
(/nix/store/lya52wcq71pbx3xq8ybnix0kaqhcdxl2-texlive-combined-2025-texmfdist/te
x/latex/listings/lstmisc.sty
File: lstmisc.sty 2025/11/14 1.11b (Carsten Heinz)
\c@lstnumber=\count355
\lst@skipnumbers=\count356
\lst@framebox=\box85
)
(/nix/store/lya52wcq71pbx3xq8ybnix0kaqhcdxl2-texlive-combined-2025-texmfdist/te
x/latex/listings/listings.cfg
File: listings.cfg 2025/11/14 1.11b listings configuration
))
Package: listings 2025/11/14 1.11b (Carsten Heinz)

==> First Aid for listings.sty no longer applied!
    Expected:
        2024/09/23 1.10c (Carsten Heinz)
    but found:
        2025/11/14 1.11b (Carsten Heinz)
    so I'm assuming it got fixed.

(/nix/store/lya52wcq71pbx3xq8ybnix0kaqhcdxl2-texlive-combined-2025-texmfdist/te
x/latex/hyperref/hyperref.sty
Package: hyperref 2026-01-29 v7.01p Hypertext links for LaTeX

(/nix/store/lya52wcq71pbx3xq8ybnix0kaqhcdxl2-texlive-combined-2025-texmfdist/te
x/latex/kvsetkeys/kvsetkeys.sty
Package: kvsetkeys 2022-10-05 v1.19 Key value parser (HO)
)
(/nix/store/lya52wcq71pbx3xq8ybnix0kaqhcdxl2-texlive-combined-2025-texmfdist/te
x/generic/kvdefinekeys/kvdefinekeys.sty
Package: kvdefinekeys 2019-12-19 v1.6 Define keys (HO)
)
(/nix/store/lya52wcq71pbx3xq8ybnix0kaqhcdxl2-texlive-combined-2025-texmfdist/te
x/generic/pdfescape/pdfescape.sty
Package: pdfescape 2019/12/09 v1.15 Implements pdfTeX's escape features (HO)

(/nix/store/lya52wcq71pbx3xq8ybnix0kaqhcdxl2-texlive-combined-2025-texmfdist/te
x/generic/ltxcmds/ltxcmds.sty
Package: ltxcmds 2023-12-04 v1.26 LaTeX kernel commands for general use (HO)
)
(/nix/store/lya52wcq71pbx3xq8ybnix0kaqhcdxl2-texlive-combined-2025-texmfdist/te
x/generic/pdftexcmds/pdftexcmds.sty
Package: pdftexcmds 2020-06-27 v0.33 Utility functions of pdfTeX for LuaTeX (HO
)

(/nix/store/lya52wcq71pbx3xq8ybnix0kaqhcdxl2-texlive-combined-2025-texmfdist/te
x/generic/infwarerr/infwarerr.sty
Package: infwarerr 2019/12/03 v1.5 Providing info/warning/error messages (HO)
)
Package pdftexcmds Info: \pdf@primitive is available.
Package pdftexcmds Info: \pdf@ifprimitive is available.
Package pdftexcmds Info: \pdfdraftmode found.
))
(/nix/store/lya52wcq71pbx3xq8ybnix0kaqhcdxl2-texlive-combined-2025-texmfdist/te
x/latex/hycolor/hycolor.sty
Package: hycolor 2020-01-27 v1.10 Color options for hyperref/bookmark (HO)
)
(/nix/store/lya52wcq71pbx3xq8ybnix0kaqhcdxl2-texlive-combined-2025-texmfdist/te
x/latex/hyperref/nameref.sty
Package: nameref 2026-01-29 v2.58 Cross-referencing by name of section

(/nix/store/lya52wcq71pbx3xq8ybnix0kaqhcdxl2-texlive-combined-2025-texmfdist/te
x/latex/refcount/refcount.sty
Package: refcount 2019/12/15 v3.6 Data extraction from label references (HO)
)
(/nix/store/lya52wcq71pbx3xq8ybnix0kaqhcdxl2-texlive-combined-2025-texmfdist/te
x/generic/gettitlestring/gettitlestring.sty
Package: gettitlestring 2019/12/15 v1.6 Cleanup title references (HO)

(/nix/store/lya52wcq71pbx3xq8ybnix0kaqhcdxl2-texlive-combined-2025-texmfdist/te
x/latex/kvoptions/kvoptions.sty
Package: kvoptions 2022-06-15 v3.15 Key value format for package options (HO)
))
\c@section@level=\count357
)
(/nix/store/lya52wcq71pbx3xq8ybnix0kaqhcdxl2-texlive-combined-2025-texmfdist/te
x/generic/stringenc/stringenc.sty
Package: stringenc 2019/11/29 v1.12 Convert strings between diff. encodings (HO
)
)
\@linkdim=\dimen320
\Hy@linkcounter=\count358
\Hy@pagecounter=\count359

(/nix/store/lya52wcq71pbx3xq8ybnix0kaqhcdxl2-texlive-combined-2025-texmfdist/te
x/latex/hyperref/pd1enc.def
File: pd1enc.def 2026-01-29 v7.01p Hyperref: PDFDocEncoding definition (HO)
Now handling font encoding PD1 ...
... no UTF-8 mapping file for font encoding PD1
)
(/nix/store/lya52wcq71pbx3xq8ybnix0kaqhcdxl2-texlive-combined-2025-texmfdist/te
x/generic/intcalc/intcalc.sty
Package: intcalc 2019/12/15 v1.3 Expandable calculations with integers (HO)
)
\Hy@SavedSpaceFactor=\count360

(/nix/store/lya52wcq71pbx3xq8ybnix0kaqhcdxl2-texlive-combined-2025-texmfdist/te
x/latex/hyperref/puenc.def
File: puenc.def 2026-01-29 v7.01p Hyperref: PDF Unicode definition (HO)
Now handling font encoding PU ...
... no UTF-8 mapping file for font encoding PU
)
Package hyperref Info: Hyper figures OFF on input line 4201.
Package hyperref Info: Link nesting OFF on input line 4206.
Package hyperref Info: Hyper index ON on input line 4209.
Package hyperref Info: Plain pages OFF on input line 4216.
Package hyperref Info: Backreferencing OFF on input line 4221.
Package hyperref Info: Implicit mode ON; LaTeX internals redefined.
Package hyperref Info: Bookmarks ON on input line 4468.
\c@Hy@tempcnt=\count361

(/nix/store/lya52wcq71pbx3xq8ybnix0kaqhcdxl2-texlive-combined-2025-texmfdist/te
x/latex/url/url.sty
\Urlmuskip=\muskip18
Package: url 2013/09/16  ver 3.4  Verb mode for urls, etc.
)
LaTeX Info: Redefining \url on input line 4807.
\XeTeXLinkMargin=\dimen321

(/nix/store/lya52wcq71pbx3xq8ybnix0kaqhcdxl2-texlive-combined-2025-texmfdist/te
x/generic/bitset/bitset.sty
Package: bitset 2019/12/09 v1.3 Handle bit-vector datatype (HO)

(/nix/store/lya52wcq71pbx3xq8ybnix0kaqhcdxl2-texlive-combined-2025-texmfdist/te
x/generic/bigintcalc/bigintcalc.sty
Package: bigintcalc 2019/12/15 v1.5 Expandable calculations on big integers (HO
)
))
\Fld@menulength=\count362
\Field@Width=\dimen322
\Fld@charsize=\dimen323
Package hyperref Info: Hyper figures OFF on input line 6084.
Package hyperref Info: Link nesting OFF on input line 6089.
Package hyperref Info: Hyper index ON on input line 6092.
Package hyperref Info: backreferencing OFF on input line 6099.
Package hyperref Info: Link coloring OFF on input line 6104.
Package hyperref Info: Link coloring with OCG OFF on input line 6109.
Package hyperref Info: PDF/A mode OFF on input line 6114.
\Hy@abspage=\count363
\c@Item=\count364
\c@Hfootnote=\count365
)
Package hyperref Info: Driver (autodetected): hpdftex.

(/nix/store/lya52wcq71pbx3xq8ybnix0kaqhcdxl2-texlive-combined-2025-texmfdist/te
x/latex/hyperref/hpdftex.def
File: hpdftex.def 2026-01-29 v7.01p Hyperref driver for pdfTeX
\Fld@listcount=\count366
\c@bookmark@seq@number=\count367

(/nix/store/lya52wcq71pbx3xq8ybnix0kaqhcdxl2-texlive-combined-2025-texmfdist/te
x/latex/rerunfilecheck/rerunfilecheck.sty
Package: rerunfilecheck 2025-06-21 v1.11 Rerun checks for auxiliary files (HO)

(/nix/store/lya52wcq71pbx3xq8ybnix0kaqhcdxl2-texlive-combined-2025-texmfdist/te
x/generic/uniquecounter/uniquecounter.sty
Package: uniquecounter 2019/12/15 v1.4 Provide unlimited unique counter (HO)
)
Package uniquecounter Info: New unique counter `rerunfilecheck' on input line 2
84.
)
\Hy@SectionHShift=\skip74
)
Package hyperref Info: Option `colorlinks' set `true' on input line 174.
)
Package csquotes Info: Checking for multilingual support...
Package csquotes Info: ... found 'babel' package.
Package csquotes Info: Adjusting default style.
Package csquotes Info: Redefining alias 'default' -> 'english'.
LaTeX Font Info:    Trying to load font information for T1+lmr on input line 5.


(/nix/store/lya52wcq71pbx3xq8ybnix0kaqhcdxl2-texlive-combined-2025-texmfdist/te
x/latex/lm/t1lmr.fd
File: t1lmr.fd 2015/05/01 v1.6.1 Font defs for Latin Modern
)
(/nix/store/lya52wcq71pbx3xq8ybnix0kaqhcdxl2-texlive-combined-2025-texmfdist/te
x/latex/l3backend/l3backend-pdftex.def
File: l3backend-pdftex.def 2025-10-09 L3 backend support: PDF output (pdfTeX)
\l__color_backend_stack_int=\count368
) (./main.aux
Package babel Info: 'french' activates 'french' shorthands.
(babel)             Reported on input line 15.
)
\openout1 = `main.aux'.

LaTeX Font Info:    Checking defaults for OML/cmm/m/it on input line 5.
LaTeX Font Info:    ... okay on input line 5.
LaTeX Font Info:    Checking defaults for OMS/cmsy/m/n on input line 5.
LaTeX Font Info:    ... okay on input line 5.
LaTeX Font Info:    Checking defaults for OT1/cmr/m/n on input line 5.
LaTeX Font Info:    ... okay on input line 5.
LaTeX Font Info:    Checking defaults for T1/cmr/m/n on input line 5.
LaTeX Font Info:    ... okay on input line 5.
LaTeX Font Info:    Checking defaults for TS1/cmr/m/n on input line 5.
LaTeX Font Info:    ... okay on input line 5.
LaTeX Font Info:    Checking defaults for OMX/cmex/m/n on input line 5.
LaTeX Font Info:    ... okay on input line 5.
LaTeX Font Info:    Checking defaults for U/cmr/m/n on input line 5.
LaTeX Font Info:    ... okay on input line 5.
LaTeX Font Info:    Checking defaults for PD1/pdf/m/n on input line 5.
LaTeX Font Info:    ... okay on input line 5.
LaTeX Font Info:    Checking defaults for PU/pdf/m/n on input line 5.
LaTeX Font Info:    ... okay on input line 5.
LaTeX Info: Redefining \degres on input line 5.
LaTeX Info: Redefining \microtypecontext on input line 5.
Package microtype Info: Applying patch `item' on input line 5.
Package microtype Info: Applying patch `toc' on input line 5.
Package microtype Info: Applying patch `eqnum' on input line 5.
Package microtype Info: Applying patch `footnote' on input line 5.
Package microtype Info: Applying patch `verbatim' on input line 5.
LaTeX Info: Redefining \microtypesetup on input line 5.
Package microtype Info: Generating PDF output.
Package microtype Info: Character protrusion enabled (level 2).
Package microtype Info: Using default protrusion set `alltext'.
Package microtype Info: Automatic font expansion enabled (level 2),
(microtype)             stretch: 20, shrink: 20, step: 1, non-selected.
Package microtype Info: Using default expansion set `alltext-nott'.
Package microtype Info: Patching command `\showhyphens'.
Package microtype Info: No adjustment of tracking.
Package microtype Info: No adjustment of interword spacing.
Package microtype Info: No adjustment of character kerning.

(/nix/store/lya52wcq71pbx3xq8ybnix0kaqhcdxl2-texlive-combined-2025-texmfdist/te
x/latex/microtype/mt-cmr.cfg
File: mt-cmr.cfg 2013/05/19 v2.2 microtype config. file: Computer Modern Roman 
(RS)
)
*geometry* driver: auto-detecting
*geometry* detected driver: pdftex
*geometry* verbose mode - [ preamble ] result:
* driver: pdftex
* paper: a4paper
* layout: <same size as paper>
* layoutoffset:(h,v)=(0.0pt,0.0pt)
* modes: 
* h-part:(L,W,R)=(76.82243pt, 443.863pt, 76.82243pt)
* v-part:(T,H,B)=(79.66771pt, 685.71143pt, 79.66771pt)
* \paperwidth=597.50787pt
* \paperheight=845.04684pt
* \textwidth=443.863pt
* \textheight=685.71143pt
* \oddsidemargin=4.55244pt
* \evensidemargin=4.55244pt
* \topmargin=-32.60228pt
* \headheight=15.0pt
* \headsep=25.0pt
* \topskip=11.0pt
* \footskip=34.1433pt
* \marginparwidth=50.0pt
* \marginparsep=10.0pt
* \columnsep=10.0pt
* \skip\footins=10.0pt plus 4.0pt minus 2.0pt
* \hoffset=0.0pt
* \voffset=0.0pt
* \mag=1000
* \@twocolumnfalse
* \@twosidefalse
* \@mparswitchfalse
* \@reversemarginfalse
* (1in=72.27pt=25.4mm, 1cm=28.453pt)


(/nix/store/lya52wcq71pbx3xq8ybnix0kaqhcdxl2-texlive-combined-2025-texmfdist/te
x/context/base/mkii/supp-pdf.mkii
[Loading MPS to PDF converter (version 2006.09.02).]
\scratchcounter=\count369
\scratchdimen=\dimen324
\scratchbox=\box86
\nofMPsegments=\count370
\nofMParguments=\count371
\everyMPshowfont=\toks52
\MPscratchCnt=\count372
\MPscratchDim=\dimen325
\MPnumerator=\count373
\makeMPintoPDFobject=\count374
\everyMPtoPDFconversion=\toks53
)
(/nix/store/lya52wcq71pbx3xq8ybnix0kaqhcdxl2-texlive-combined-2025-texmfdist/te
x/latex/epstopdf-pkg/epstopdf-base.sty
Package: epstopdf-base 2020-01-24 v2.11 Base part for package epstopdf
Package epstopdf-base Info: Redefining graphics rule for `.eps' on input line 4
85.

(/nix/store/lya52wcq71pbx3xq8ybnix0kaqhcdxl2-texlive-combined-2025-texmfdist/te
x/latex/latexconfig/epstopdf-sys.cfg
File: epstopdf-sys.cfg 2010/07/13 v1.3 Configuration of (r)epstopdf for TeX Liv
e
))
\c@lstlisting=\count375
Package hyperref Info: Link coloring ON on input line 5.
 (./main.out) (./main.out)
\@outlinefile=\write4
\openout4 = `main.out'.


(./sections/00_page_de_garde.tex
<assets/logo_etna.png, id=308, 371.3875pt x 116.435pt>
File: assets/logo_etna.png Graphic file (type png)
<use assets/logo_etna.png>
Package pdftex.def Info: assets/logo_etna.png  used on input line 9.
(pdftex.def)             Requested size: 117.97939pt x 36.98866pt.
LaTeX Font Info:    Trying to load font information for OT1+lmr on input line 1
4.

(/nix/store/lya52wcq71pbx3xq8ybnix0kaqhcdxl2-texlive-combined-2025-texmfdist/te
x/latex/lm/ot1lmr.fd
File: ot1lmr.fd 2015/05/01 v1.6.1 Font defs for Latin Modern
)
LaTeX Font Info:    Trying to load font information for OML+lmm on input line 1
4.

(/nix/store/lya52wcq71pbx3xq8ybnix0kaqhcdxl2-texlive-combined-2025-texmfdist/te
x/latex/lm/omllmm.fd
File: omllmm.fd 2015/05/01 v1.6.1 Font defs for Latin Modern
)
LaTeX Font Info:    Trying to load font information for OMS+lmsy on input line 
14.

(/nix/store/lya52wcq71pbx3xq8ybnix0kaqhcdxl2-texlive-combined-2025-texmfdist/te
x/latex/lm/omslmsy.fd
File: omslmsy.fd 2015/05/01 v1.6.1 Font defs for Latin Modern
)
LaTeX Font Info:    Trying to load font information for OMX+lmex on input line 
14.

(/nix/store/lya52wcq71pbx3xq8ybnix0kaqhcdxl2-texlive-combined-2025-texmfdist/te
x/latex/lm/omxlmex.fd
File: omxlmex.fd 2015/05/01 v1.6.1 Font defs for Latin Modern
)
LaTeX Font Info:    External font `lmex10' loaded for size
(Font)              <10.95> on input line 14.
LaTeX Font Info:    External font `lmex10' loaded for size
(Font)              <8> on input line 14.
LaTeX Font Info:    External font `lmex10' loaded for size
(Font)              <6> on input line 14.
LaTeX Font Info:    Trying to load font information for U+msa on input line 14.


(/nix/store/lya52wcq71pbx3xq8ybnix0kaqhcdxl2-texlive-combined-2025-texmfdist/te
x/latex/amsfonts/umsa.fd
File: umsa.fd 2013/01/14 v3.01 AMS symbols A
)
(/nix/store/lya52wcq71pbx3xq8ybnix0kaqhcdxl2-texlive-combined-2025-texmfdist/te
x/latex/microtype/mt-msa.cfg
File: mt-msa.cfg 2006/02/04 v1.1 microtype config. file: AMS symbols (a) (RS)
)
LaTeX Font Info:    Trying to load font information for U+msb on input line 14.


(/nix/store/lya52wcq71pbx3xq8ybnix0kaqhcdxl2-texlive-combined-2025-texmfdist/te
x/latex/amsfonts/umsb.fd
File: umsb.fd 2013/01/14 v3.01 AMS symbols B
)
(/nix/store/lya52wcq71pbx3xq8ybnix0kaqhcdxl2-texlive-combined-2025-texmfdist/te
x/latex/microtype/mt-msb.cfg
File: mt-msb.cfg 2005/06/01 v1.0 microtype config. file: AMS symbols (b) (RS)
)
<assets/logo_everbloo.png, id=310, 915.42pt x 148.555pt>
File: assets/logo_everbloo.png Graphic file (type png)
<use assets/logo_everbloo.png>
Package pdftex.def Info: assets/logo_everbloo.png  used on input line 18.
(pdftex.def)             Requested size: 192.85847pt x 31.2982pt.
 [1

{/nix/store/nbslryy02pahf2lbazrs8g0697jdpqfr-texlive-combined-2025/share/texmf-
var/fonts/map/pdftex/updmap/pdftex.map}{/nix/store/lya52wcq71pbx3xq8ybnix0kaqhc
dxl2-texlive-combined-2025-texmfdist/fonts/enc/dvips/lm/lm-ec.enc} <./assets/lo
go_etna.png> <./assets/logo_everbloo.png>])
(./sections/00b_remerciements.tex [1

]) (./sections/01_abstract.tex
LaTeX Font Info:    Trying to load font information for T1+lmtt on input line 5
.

(/nix/store/lya52wcq71pbx3xq8ybnix0kaqhcdxl2-texlive-combined-2025-texmfdist/te
x/latex/lm/t1lmtt.fd
File: t1lmtt.fd 2015/05/01 v1.6.1 Font defs for Latin Modern
)
Package microtype Info: Loading generic protrusion settings for font family
(microtype)             `lmtt' (encoding: T1).
(microtype)             For optimal results, create family-specific settings.
(microtype)             See the microtype manual for details.
 [2

]) [3] (./main.toc [4


])
\tf@toc=\write5
\openout5 = `main.toc'.

Package babel Info: 'french' activates 'french' shorthands.
(babel)             Reported on input line 28.
 [5] (./main.lof)
\tf@lof=\write6
\openout6 = `main.lof'.

 [6


]
(./main.lot)
\tf@lot=\write7
\openout7 = `main.lot'.

 [7

] (./sections/03_introduction.tex
Chapitre 1.
LaTeX Font Info:    Trying to load font information for TS1+lmr on input line 1
7.

(/nix/store/lya52wcq71pbx3xq8ybnix0kaqhcdxl2-texlive-combined-2025-texmfdist/te
x/latex/lm/ts1lmr.fd
File: ts1lmr.fd 2015/05/01 v1.6.1 Font defs for Latin Modern
)
pdfTeX warning (ext4): destination with the same identifier (name{page.1}) has 
been already used, duplicate ignored
<to be read again> 
                   \relax 
l.22     \item \textbf
                      {Retarification Dynamique (\textit{Reshopping / Repric...
[1

{/nix/store/lya52wcq71pbx3xq8ybnix0kaqhcdxl2-texlive-combined-2025-texmfdist/fo
nts/enc/dvips/lm/lm-ts1.enc}]) (./sections/04_partie1_contexte.tex [2]
[3

]
Chapitre 2.
File: assets/logo_everbloo.png Graphic file (type png)
<use assets/logo_everbloo.png>
Package pdftex.def Info: assets/logo_everbloo.png  used on input line 15.
(pdftex.def)             Requested size: 210.38852pt x 34.14322pt.
Package microtype Info: Character `029' is missing
(microtype)             in font `T1/lmr/m/sc/10.95'.
(microtype)             Ignoring protrusion settings for this character.
<assets/logo_metis.png, id=458, 501.875pt x 189.70876pt>
File: assets/logo_metis.png Graphic file (type png)
<use assets/logo_metis.png>
Package pdftex.def Info: assets/logo_metis.png  used on input line 28.
(pdftex.def)             Requested size: 90.32594pt x 34.14322pt.
[4

 <./assets/logo_metis.png>] [5]
LaTeX Font Info:    Font shape `T1/lmtt/bx/n' in size <8> not available
(Font)              Font shape `T1/lmtt/b/n' tried instead on input line 93.
 [6]
Chapitre 3.

Underfull \hbox (badness 4217) in paragraph at lines 146--146
[]|\T1/lmr/m/n/10 (+20) Moteur de dis-tri-
 []


Underfull \hbox (badness 10000) in paragraph at lines 146--146
\T1/lmr/m/n/10 (+20) bu-tion aé-rienne,
 []


Underfull \hbox (badness 10000) in paragraph at lines 146--146
\T1/lmr/m/n/10 (+20) (Sabre/Amadeus)
 []


Underfull \hbox (badness 4886) in paragraph at lines 146--146
\T1/lmr/m/n/10 (+20) et de ré-ser-va-tion
 []


Underfull \hbox (badness 10000) in paragraph at lines 146--146
\T1/lmr/m/n/10 (+20) SBT/B2B, com-
 []


Underfull \hbox (badness 10000) in paragraph at lines 146--146
\T1/lmr/m/n/10 (+20) pa-ra-teur multi-
 []


Underfull \hbox (badness 10000) in paragraph at lines 146--146
[]|\T1/lmr/m/n/10 (+20) Back-office d'ad-
 []


Underfull \hbox (badness 10000) in paragraph at lines 146--146
\T1/lmr/m/n/10 (+20) mi-nis-tra-tion pour
 []


Underfull \hbox (badness 10000) in paragraph at lines 146--146
\T1/lmr/m/n/10 (+20) agences, pa-ra-mé-
 []


Underfull \hbox (badness 6284) in paragraph at lines 146--146
\T1/lmr/m/n/10 (+20) nis-tra-tives, pro-fils
 []


Underfull \hbox (badness 3657) in paragraph at lines 146--146
\T1/lmr/m/n/10 (+20) mar-chands et de-
 []

[7

]
LaTeX Font Info:    Font shape `T1/lmtt/bx/n' in size <9> not available
(Font)              Font shape `T1/lmtt/b/n' tried instead on input line 163.
LaTeX Font Info:    Trying to load font information for T1+lmss on input line 1
70.

(/nix/store/lya52wcq71pbx3xq8ybnix0kaqhcdxl2-texlive-combined-2025-texmfdist/te
x/latex/lm/t1lmss.fd
File: t1lmss.fd 2015/05/01 v1.6.1 Font defs for Latin Modern
)
Package microtype Info: Loading generic protrusion settings for font family
(microtype)             `lmss' (encoding: T1).
(microtype)             For optimal results, create family-specific settings.
(microtype)             See the microtype manual for details.
 [8]) (./sections/05_problematique.tex [9]
Chapitre 4.
[10

]) (./sections/06_partie2_realisations.tex [11] [12

]
Chapitre 5.
Package hyperref Info: bookmark level for unknown lstlisting defaults to 0 on i
nput line 20.
[13

] [14] [15]
Chapitre 6.
[16

{/nix/store/lya52wcq71pbx3xq8ybnix0kaqhcdxl2-texlive-combined-2025-texmfdist/fo
nts/enc/dvips/lm/lm-mathit.enc}{/nix/store/lya52wcq71pbx3xq8ybnix0kaqhcdxl2-tex
live-combined-2025-texmfdist/fonts/enc/dvips/lm/lm-rm.enc}{/nix/store/lya52wcq7
1pbx3xq8ybnix0kaqhcdxl2-texlive-combined-2025-texmfdist/fonts/enc/dvips/lm/lm-m
athsy.enc}] [17]
Chapitre 7.
LaTeX Font Info:    Font shape `T1/lmtt/bx/n' in size <10.95> not available
(Font)              Font shape `T1/lmtt/b/n' tried instead on input line 159.
[18

]
Chapitre 8.
[19

]
Chapitre 9.
[20

]
Chapitre 10.

Underfull \hbox (badness 10000) in paragraph at lines 261--261
[]|\T1/lmr/bx/n/10 (+20) 0% d'er-reur \T1/lmr/m/n/10 (+20) de mat-
 []


Underfull \hbox (badness 10000) in paragraph at lines 261--261
\T1/lmr/m/n/10 (+20) ching pas-sa-ger grâce à
 []


Underfull \hbox (badness 10000) in paragraph at lines 261--261
[]|\T1/lmr/bx/n/10 (+20) Retarification (Re-
 []


Underfull \hbox (badness 1748) in paragraph at lines 261--261
[]|\T1/lmr/bx/n/10 (+20) Réduction de 28% \T1/lmr/m/n/10 (+20) de la
 []

) [21

] (./sections/07_partie3_demarche_reflexive.tex [22] [23

]
Chapitre 11.
[24

]
Chapitre 12.

Underfull \hbox (badness 10000) in paragraph at lines 67--67
[]|\T1/lmr/bx/n/10 (+20) Architecture Gra-
 []


Underfull \hbox (badness 1484) in paragraph at lines 67--67
\T1/lmr/m/n/10 (+20) le client, ré-duc-tion de l'over-
 []


Underfull \hbox (badness 10000) in paragraph at lines 67--67
\T1/lmr/bx/n/10 (+20) Évé-ne-ments (Event-
 []


Underfull \hbox (badness 2671) in paragraph at lines 67--67
[]|\T1/lmr/m/n/10 (+20) Traitement asyn-chrone hau-te-
 []

[25

] [26]
Chapitre 13.
[27

]) (./sections/08_conclusion.tex [28]
Chapitre 14.
[29

]) (./sections/02_sigles_abreviations.tex [30] [31

])
(./sections/09_glossaire_bibliographie.tex [32] [33

] [34] [35

]) [36]
(./main.aux)
 ***********
LaTeX2e <2025-11-01>
L3 programming layer <2026-01-19>
 ***********
Package rerunfilecheck Info: File `main.out' has not changed.
(rerunfilecheck)             Checksum: 5EA08DD4FF0AD31BCF5C1F81D280A9D1;22345.
 ) 
Here is how much of TeX's memory you used:
 32992 strings out of 468657
 636662 string characters out of 5427000
 1170491 words of memory out of 5000000
 60600 multiletter control sequences out of 15000+600000
 752856 words of font info for 298 fonts, out of 8000000 for 9000
 430 hyphenation exceptions out of 8191
 89i,12n,97p,1014b,1384s stack positions out of 10000i,1000n,20000p,200000b,200000s
</nix/store/lya52wcq71pbx3xq8ybnix0kaqhcdxl2-texlive-combined-2025-texmfdist/
fonts/type1/public/lm/lmbx10.pfb></nix/store/lya52wcq71pbx3xq8ybnix0kaqhcdxl2-t
exlive-combined-2025-texmfdist/fonts/type1/public/lm/lmbx12.pfb></nix/store/lya
52wcq71pbx3xq8ybnix0kaqhcdxl2-texlive-combined-2025-texmfdist/fonts/type1/publi
c/lm/lmbx6.pfb></nix/store/lya52wcq71pbx3xq8ybnix0kaqhcdxl2-texlive-combined-20
25-texmfdist/fonts/type1/public/lm/lmbx8.pfb></nix/store/lya52wcq71pbx3xq8ybnix
0kaqhcdxl2-texlive-combined-2025-texmfdist/fonts/type1/public/lm/lmbx9.pfb></ni
x/store/lya52wcq71pbx3xq8ybnix0kaqhcdxl2-texlive-combined-2025-texmfdist/fonts/
type1/public/lm/lmbxi10.pfb></nix/store/lya52wcq71pbx3xq8ybnix0kaqhcdxl2-texliv
e-combined-2025-texmfdist/fonts/type1/public/lm/lmcsc10.pfb></nix/store/lya52wc
q71pbx3xq8ybnix0kaqhcdxl2-texlive-combined-2025-texmfdist/fonts/type1/public/lm
/lmmi8.pfb></nix/store/lya52wcq71pbx3xq8ybnix0kaqhcdxl2-texlive-combined-2025-t
exmfdist/fonts/type1/public/lm/lmr10.pfb></nix/store/lya52wcq71pbx3xq8ybnix0kaq
hcdxl2-texlive-combined-2025-texmfdist/fonts/type1/public/lm/lmr12.pfb></nix/st
ore/lya52wcq71pbx3xq8ybnix0kaqhcdxl2-texlive-combined-2025-texmfdist/fonts/type
1/public/lm/lmr6.pfb></nix/store/lya52wcq71pbx3xq8ybnix0kaqhcdxl2-texlive-combi
ned-2025-texmfdist/fonts/type1/public/lm/lmr8.pfb></nix/store/lya52wcq71pbx3xq8
ybnix0kaqhcdxl2-texlive-combined-2025-texmfdist/fonts/type1/public/lm/lmr9.pfb>
</nix/store/lya52wcq71pbx3xq8ybnix0kaqhcdxl2-texlive-combined-2025-texmfdist/fo
nts/type1/public/lm/lmri10.pfb></nix/store/lya52wcq71pbx3xq8ybnix0kaqhcdxl2-tex
live-combined-2025-texmfdist/fonts/type1/public/lm/lmsy8.pfb></nix/store/lya52w
cq71pbx3xq8ybnix0kaqhcdxl2-texlive-combined-2025-texmfdist/fonts/type1/public/l
m/lmtk10.pfb></nix/store/lya52wcq71pbx3xq8ybnix0kaqhcdxl2-texlive-combined-2025
-texmfdist/fonts/type1/public/lm/lmtt10.pfb></nix/store/lya52wcq71pbx3xq8ybnix0
kaqhcdxl2-texlive-combined-2025-texmfdist/fonts/type1/public/lm/lmtt9.pfb></nix
/store/lya52wcq71pbx3xq8ybnix0kaqhcdxl2-texlive-combined-2025-texmfdist/fonts/t
ype1/public/lm/lmtti10.pfb>
Output written on main.pdf (44 pages, 676558 bytes).
PDF statistics:
 794 PDF objects out of 1000 (max. 8388607)
 678 compressed objects within 7 object streams
 173 named destinations out of 1000 (max. 500000)
 70308 words of extra memory for PDF output out of 74296 (max. 10000000)

